Archive member included to satisfy reference by file (symbol)

C:/ST/STM32CubeIDE_1.14.1/STM32CubeIDE/plugins/com.st.stm32cube.ide.mcu.externaltools.gnu-tools-for-stm32.12.3.rel1.win32_1.0.100.202403111256/tools/bin/../lib/gcc/arm-none-eabi/12.3.1/../../../../arm-none-eabi/lib/thumb/v7-m/nofp\libc_nano.a(libc_a-exit.o)
                              C:/ST/STM32CubeIDE_1.14.1/STM32CubeIDE/plugins/com.st.stm32cube.ide.mcu.externaltools.gnu-tools-for-stm32.12.3.rel1.win32_1.0.100.202403111256/tools/bin/../lib/gcc/arm-none-eabi/12.3.1/../../../../arm-none-eabi/lib/thumb/v7-m/nofp/crt0.o (exit)
C:/ST/STM32CubeIDE_1.14.1/STM32CubeIDE/plugins/com.st.stm32cube.ide.mcu.externaltools.gnu-tools-for-stm32.12.3.rel1.win32_1.0.100.202403111256/tools/bin/../lib/gcc/arm-none-eabi/12.3.1/../../../../arm-none-eabi/lib/thumb/v7-m/nofp\libc_nano.a(libc_a-findfp.o)
                              C:/ST/STM32CubeIDE_1.14.1/STM32CubeIDE/plugins/com.st.stm32cube.ide.mcu.externaltools.gnu-tools-for-stm32.12.3.rel1.win32_1.0.100.202403111256/tools/bin/../lib/gcc/arm-none-eabi/12.3.1/../../../../arm-none-eabi/lib/thumb/v7-m/nofp\libc_nano.a(libc_a-exit.o) (__stdio_exit_handler)
C:/ST/STM32CubeIDE_1.14.1/STM32CubeIDE/plugins/com.st.stm32cube.ide.mcu.externaltools.gnu-tools-for-stm32.12.3.rel1.win32_1.0.100.202403111256/tools/bin/../lib/gcc/arm-none-eabi/12.3.1/../../../../arm-none-eabi/lib/thumb/v7-m/nofp\libc_nano.a(libc_a-fwalk.o)
                              C:/ST/STM32CubeIDE_1.14.1/STM32CubeIDE/plugins/com.st.stm32cube.ide.mcu.externaltools.gnu-tools-for-stm32.12.3.rel1.win32_1.0.100.202403111256/tools/bin/../lib/gcc/arm-none-eabi/12.3.1/../../../../arm-none-eabi/lib/thumb/v7-m/nofp\libc_nano.a(libc_a-findfp.o) (_fwalk_sglue)
C:/ST/STM32CubeIDE_1.14.1/STM32CubeIDE/plugins/com.st.stm32cube.ide.mcu.externaltools.gnu-tools-for-stm32.12.3.rel1.win32_1.0.100.202403111256/tools/bin/../lib/gcc/arm-none-eabi/12.3.1/../../../../arm-none-eabi/lib/thumb/v7-m/nofp\libc_nano.a(libc_a-stdio.o)
                              C:/ST/STM32CubeIDE_1.14.1/STM32CubeIDE/plugins/com.st.stm32cube.ide.mcu.externaltools.gnu-tools-for-stm32.12.3.rel1.win32_1.0.100.202403111256/tools/bin/../lib/gcc/arm-none-eabi/12.3.1/../../../../arm-none-eabi/lib/thumb/v7-m/nofp\libc_nano.a(libc_a-findfp.o) (__sread)
C:/ST/STM32CubeIDE_1.14.1/STM32CubeIDE/plugins/com.st.stm32cube.ide.mcu.externaltools.gnu-tools-for-stm32.12.3.rel1.win32_1.0.100.202403111256/tools/bin/../lib/gcc/arm-none-eabi/12.3.1/../../../../arm-none-eabi/lib/thumb/v7-m/nofp\libc_nano.a(libc_a-memset.o)
                              C:/ST/STM32CubeIDE_1.14.1/STM32CubeIDE/plugins/com.st.stm32cube.ide.mcu.externaltools.gnu-tools-for-stm32.12.3.rel1.win32_1.0.100.202403111256/tools/bin/../lib/gcc/arm-none-eabi/12.3.1/../../../../arm-none-eabi/lib/thumb/v7-m/nofp/crt0.o (memset)
C:/ST/STM32CubeIDE_1.14.1/STM32CubeIDE/plugins/com.st.stm32cube.ide.mcu.externaltools.gnu-tools-for-stm32.12.3.rel1.win32_1.0.100.202403111256/tools/bin/../lib/gcc/arm-none-eabi/12.3.1/../../../../arm-none-eabi/lib/thumb/v7-m/nofp\libc_nano.a(libc_a-closer.o)
                              C:/ST/STM32CubeIDE_1.14.1/STM32CubeIDE/plugins/com.st.stm32cube.ide.mcu.externaltools.gnu-tools-for-stm32.12.3.rel1.win32_1.0.100.202403111256/tools/bin/../lib/gcc/arm-none-eabi/12.3.1/../../../../arm-none-eabi/lib/thumb/v7-m/nofp\libc_nano.a(libc_a-stdio.o) (_close_r)
C:/ST/STM32CubeIDE_1.14.1/STM32CubeIDE/plugins/com.st.stm32cube.ide.mcu.externaltools.gnu-tools-for-stm32.12.3.rel1.win32_1.0.100.202403111256/tools/bin/../lib/gcc/arm-none-eabi/12.3.1/../../../../arm-none-eabi/lib/thumb/v7-m/nofp\libc_nano.a(libc_a-reent.o)
                              C:/ST/STM32CubeIDE_1.14.1/STM32CubeIDE/plugins/com.st.stm32cube.ide.mcu.externaltools.gnu-tools-for-stm32.12.3.rel1.win32_1.0.100.202403111256/tools/bin/../lib/gcc/arm-none-eabi/12.3.1/../../../../arm-none-eabi/lib/thumb/v7-m/nofp\libc_nano.a(libc_a-closer.o) (errno)
C:/ST/STM32CubeIDE_1.14.1/STM32CubeIDE/plugins/com.st.stm32cube.ide.mcu.externaltools.gnu-tools-for-stm32.12.3.rel1.win32_1.0.100.202403111256/tools/bin/../lib/gcc/arm-none-eabi/12.3.1/../../../../arm-none-eabi/lib/thumb/v7-m/nofp\libc_nano.a(libc_a-impure.o)
                              C:/ST/STM32CubeIDE_1.14.1/STM32CubeIDE/plugins/com.st.stm32cube.ide.mcu.externaltools.gnu-tools-for-stm32.12.3.rel1.win32_1.0.100.202403111256/tools/bin/../lib/gcc/arm-none-eabi/12.3.1/../../../../arm-none-eabi/lib/thumb/v7-m/nofp\libc_nano.a(libc_a-reent.o) (_impure_ptr)
C:/ST/STM32CubeIDE_1.14.1/STM32CubeIDE/plugins/com.st.stm32cube.ide.mcu.externaltools.gnu-tools-for-stm32.12.3.rel1.win32_1.0.100.202403111256/tools/bin/../lib/gcc/arm-none-eabi/12.3.1/../../../../arm-none-eabi/lib/thumb/v7-m/nofp\libc_nano.a(libc_a-lseekr.o)
[...]
Memory Configuration

Name             Origin             Length             Attributes
RAM              0x20000000         0x00005000         xrw
FLASH            0x08000000         0x00010000         xr
*default*        0x00000000         0xffffffff

Linker script and memory map

LOAD C:/ST/STM32CubeIDE_1.14.1/STM32CubeIDE/plugins/com.st.stm32cube.ide.mcu.externaltools.gnu-tools-for-stm32.12.3.rel1.win32_1.0.100.202403111256/tools/bin/../lib/gcc/arm-none-eabi/12.3.1/thumb/v7-m/nofp/crti.o
LOAD C:/ST/STM32CubeIDE_1.14.1/STM32CubeIDE/plugins/com.st.stm32cube.ide.mcu.externaltools.gnu-tools-for-stm32.12.3.rel1.win32_1.0.100.202403111256/tools/bin/../lib/gcc/arm-none-eabi/12.3.1/thumb/v7-m/nofp/crtbegin.o
LOAD C:/ST/STM32CubeIDE_1.14.1/STM32CubeIDE/plugins/com.st.stm32cube.ide.mcu.externaltools.gnu-tools-for-stm32.12.3.rel1.win32_1.0.100.202403111256/tools/bin/../lib/gcc/arm-none-eabi/12.3.1/../../../../arm-none-eabi/lib/thumb/v7-m/nofp/crt0.o
LOAD ./Core/Src/EOS.o
LOAD ./Core/Src/LED74HC595.o
LOAD ./Core/Src/ds3231.o
LOAD ./Core/Src/ky040.o
LOAD ./Core/Src/main.o
LOAD ./Core/Src/realtime_clock.o
LOAD ./Core/Src/stm32f1xx_hal_msp.o
LOAD ./Core/Src/stm32f1xx_it.o
LOAD ./Core/Src/syscalls.o
LOAD ./Core/Src/sysmem.o
LOAD ./Core/Src/system_stm32f1xx.o
LOAD ./Core/Startup/startup_stm32f103c8tx.o
LOAD ./Drivers/STM32F1xx_HAL_Driver/Src/stm32f1xx_hal.o
LOAD ./Drivers/STM32F1xx_HAL_Driver/Src/stm32f1xx_hal_cortex.o
LOAD ./Drivers/STM32F1xx_HAL_Driver/Src/stm32f1xx_hal_dma.o
LOAD ./Drivers/STM32F1xx_HAL_Driver/Src/stm32f1xx_hal_exti.o
LOAD ./Drivers/STM32F1xx_HAL_Driver/Src/stm32f1xx_hal_flash.o
LOAD ./Drivers/STM32F1xx_HAL_Driver/Src/stm32f1xx_hal_flash_ex.o
LOAD ./Drivers/STM32F1xx_HAL_Driver/Src/stm32f1xx_hal_gpio.o
LOAD ./Drivers/STM32F1xx_HAL_Driver/Src/stm32f1xx_hal_gpio_ex.o
LOAD ./Drivers/STM32F1xx_HAL_Driver/Src/stm32f1xx_hal_i2c.o
LOAD ./Drivers/STM32F1xx_HAL_Driver/Src/stm32f1xx_hal_pwr.o
LOAD ./Drivers/STM32F1xx_HAL_Driver/Src/stm32f1xx_hal_rcc.o
LOAD ./Drivers/STM32F1xx_HAL_Driver/Src/stm32f1xx_hal_rcc_ex.o
LOAD ./Drivers/STM32F1xx_HAL_Driver/Src/stm32f1xx_hal_tim.o
LOAD ./Drivers/STM32F1xx_HAL_Driver/Src/stm32f1xx_hal_tim_ex.o
START GROUP
LOAD C:/ST/STM32CubeIDE_1.14.1/STM32CubeIDE/plugins/com.st.stm32cube.ide.mcu.externaltools.gnu-tools-for-stm32.12.3.rel1.win32_1.0.100.202403111256/tools/bin/../lib/gcc/arm-none-eabi/12.3.1/../../../../arm-none-eabi/lib/thumb/v7-m/nofp\libc_nano.a
LOAD C:/ST/STM32CubeIDE_1.14.1/STM32CubeIDE/plugins/com.st.stm32cube.ide.mcu.externaltools.gnu-tools-for-stm32.12.3.rel1.win32_1.0.100.202403111256/tools/bin/../lib/gcc/arm-none-eabi/12.3.1/../../../../arm-none-eabi/lib/thumb/v7-m/nofp\libm.a
END GROUP
START GROUP
LOAD C:/ST/STM32CubeIDE_1.14.1/STM32CubeIDE/plugins/com.st.stm32cube.ide.mcu.externaltools.gnu-tools-for-stm32.12.3.rel1.win32_1.0.100.202403111256/tools/bin/../lib/gcc/arm-none-eabi/12.3.1/thumb/v7-m/nofp\libgcc.a
LOAD C:/ST/STM32CubeIDE_1.14.1/STM32CubeIDE/plugins/com.st.stm32cube.ide.mcu.externaltools.gnu-tools-for-stm32.12.3.rel1.win32_1.0.100.202403111256/tools/bin/../lib/gcc/arm-none-eabi/12.3.1/../../../../arm-none-eabi/lib/thumb/v7-m/nofp\libc_nano.a
END GROUP
START GROUP
LOAD C:/ST/STM32CubeIDE_1.14.1/STM32CubeIDE/plugins/com.st.stm32cube.ide.mcu.externaltools.gnu-tools-for-stm32.12.3.rel1.win32_1.0.100.202403111256/tools/bin/../lib/gcc/arm-none-eabi/12.3.1/thumb/v7-m/nofp\libgcc.a
LOAD C:/ST/STM32CubeIDE_1.14.1/STM32CubeIDE/plugins/com.st.stm32cube.ide.mcu.externaltools.gnu-tools-for-stm32.12.3.rel1.win32_1.0.100.202403111256/tools/bin/../lib/gcc/arm-none-eabi/12.3.1/../../../../arm-none-eabi/lib/thumb/v7-m/nofp\libc_nano.a
LOAD C:/ST/STM32CubeIDE_1.14.1/STM32CubeIDE/plugins/com.st.stm32cube.ide.mcu.externaltools.gnu-tools-for-stm32.12.3.rel1.win32_1.0.100.202403111256/tools/bin/../lib/gcc/arm-none-eabi/12.3.1/../../../../arm-none-eabi/lib/thumb/v7-m/nofp\libnosys.a
END GROUP
START GROUP
LOAD C:/ST/STM32CubeIDE_1.14.1/STM32CubeIDE/plugins/com.st.stm32cube.ide.mcu.externaltools.gnu-tools-for-stm32.12.3.rel1.win32_1.0.100.202403111256/tools/bin/../lib/gcc/arm-none-eabi/12.3.1/thumb/v7-m/nofp\libgcc.a
LOAD C:/ST/STM32CubeIDE_1.14.1/STM32CubeIDE/plugins/com.st.stm32cube.ide.mcu.externaltools.gnu-tools-for-stm32.12.3.rel1.win32_1.0.100.202403111256/tools/bin/../lib/gcc/arm-none-eabi/12.3.1/../../../../arm-none-eabi/lib/thumb/v7-m/nofp\libc_nano.a
LOAD C:/ST/STM32CubeIDE_1.14.1/STM32CubeIDE/plugins/com.st.stm32cube.ide.mcu.externaltools.gnu-tools-for-stm32.12.3.rel1.win32_1.0.100.202403111256/tools/bin/../lib/gcc/arm-none-eabi/12.3.1/../../../../arm-none-eabi/lib/thumb/v7-m/nofp\libnosys.a
END GROUP
LOAD C:/ST/STM32CubeIDE_1.14.1/STM32CubeIDE/plugins/com.st.stm32cube.ide.mcu.externaltools.gnu-tools-for-stm32.12.3.rel1.win32_1.0.100.202403111256/tools/bin/../lib/gcc/arm-none-eabi/12.3.1/thumb/v7-m/nofp/crtend.o
LOAD C:/ST/STM32CubeIDE_1.14.1/STM32CubeIDE/plugins/com.st.stm32cube.ide.mcu.externaltools.gnu-tools-for-stm32.12.3.rel1.win32_1.0.100.202403111256/tools/bin/../lib/gcc/arm-none-eabi/12.3.1/thumb/v7-m/nofp/crtn.o
                0x20005000                        _estack = (ORIGIN (RAM) + LENGTH (RAM))
                0x00000200                        _Min_Heap_Size = 0x200
                0x00000400                        _Min_Stack_Size = 0x400

.isr_vector     0x08000000      0x10c
                0x08000000                        . = ALIGN (0x4)
 *(.isr_vector)
 .isr_vector    0x08000000      0x10c ./Core/Startup/startup_stm32f103c8tx.o
                0x08000000                g_pfnVectors
                0x0800010c                        . = ALIGN (0x4)

.text           0x0800010c     0x3edc
                0x0800010c                        . = ALIGN (0x4)
 *(.text)
 .text          0x0800010c       0x40 C:/ST/STM32CubeIDE_1.14.1/STM32CubeIDE/plugins/com.st.stm32cube.ide.mcu.externaltools.gnu-tools-for-stm32.12.3.rel1.win32_1.0.100.202403111256/tools/bin/../lib/gcc/arm-none-eabi/12.3.1/thumb/v7-m/nofp/crtbegin.o
 .text          0x0800014c      0x378 C:/ST/STM32CubeIDE_1.14.1/STM32CubeIDE/plugins/com.st.stm32cube.ide.mcu.externaltools.gnu-tools-for-stm32.12.3.rel1.win32_1.0.100.202403111256/tools/bin/../lib/gcc/arm-none-eabi/12.3.1/thumb/v7-m/nofp\libgcc.a(_arm_addsubdf3.o)
                0x0800014c                __aeabi_drsub
                0x08000154                __aeabi_dsub
                0x08000154                __subdf3
                0x08000158                __aeabi_dadd
                0x08000158                __adddf3
                0x080003d0                __floatunsidf
                0x080003d0                __aeabi_ui2d
                0x080003f0                __floatsidf
                0x080003f0                __aeabi_i2d
                0x08000414                __aeabi_f2d
                0x08000414                __extendsfdf2
                0x08000458                __floatundidf
                0x08000458                __aeabi_ul2d
                0x08000468                __floatdidf
                0x08000468                __aeabi_l2d
 .text          0x080004c4      0x424 C:/ST/STM32CubeIDE_1.14.1/STM32CubeIDE/plugins/com.st.stm32cube.ide.mcu.externaltools.gnu-tools-for-stm32.12.3.rel1.win32_1.0.100.202403111256/tools/bin/../lib/gcc/arm-none-eabi/12.3.1/thumb/v7-m/nofp\libgcc.a(_arm_muldivdf3.o)
                0x080004c4                __aeabi_dmul
                0x080004c4                __muldf3
                0x08000718                __divdf3
                0x08000718                __aeabi_ddiv
 .text          0x080008e8       0xa0 C:/ST/STM32CubeIDE_1.14.1/STM32CubeIDE/plugins/com.st.stm32cube.ide.mcu.externaltools.gnu-tools-for-stm32.12.3.rel1.win32_1.0.100.202403111256/tools/bin/../lib/gcc/arm-none-eabi/12.3.1/thumb/v7-m/nofp\libgcc.a(_arm_truncdfsf2.o)
                0x080008e8                __truncdfsf2
                0x080008e8                __aeabi_d2f
 .text          0x08000988      0x2a0 C:/ST/STM32CubeIDE_1.14.1/STM32CubeIDE/plugins/com.st.stm32cube.ide.mcu.externaltools.gnu-tools-for-stm32.12.3.rel1.win32_1.0.100.202403111256/tools/bin/../lib/gcc/arm-none-eabi/12.3.1/thumb/v7-m/nofp\libgcc.a(_arm_muldivsf3.o)
                0x08000988                __mulsf3
                0x08000988                __aeabi_fmul
                0x08000af0                __aeabi_fdiv
                0x08000af0                __divsf3
 .text          0x08000c28       0x4c C:/ST/STM32CubeIDE_1.14.1/STM32CubeIDE/plugins/com.st.stm32cube.ide.mcu.externaltools.gnu-tools-for-stm32.12.3.rel1.win32_1.0.100.202403111256/tools/bin/../lib/gcc/arm-none-eabi/12.3.1/thumb/v7-m/nofp\libgcc.a(_arm_fixsfsi.o)
                0x08000c28                __aeabi_f2iz
                0x08000c28                __fixsfsi
 *(.text*)
 .text.EOS_init
                0x08000c74       0x34 ./Core/Src/EOS.o
                0x08000c74                EOS_init
 .text.clear    0x08000ca8       0x40 ./Core/Src/LED74HC595.o
                0x08000ca8                clear
 .text.setNumber
                0x08000ce8       0x50 ./Core/Src/LED74HC595.o
                0x08000ce8                setNumber
 .text.setChar  0x08000d38       0xcc ./Core/Src/LED74HC595.o
                0x08000d38                setChar
 .text.show     0x08000e04       0x44 ./Core/Src/LED74HC595.o
                0x08000e04                show
 .text.loop     0x08000e48       0x9c ./Core/Src/LED74HC595.o
                0x08000e48                loop
 .text.shift    0x08000ee4       0x8c ./Core/Src/LED74HC595.o
                0x08000ee4                shift
 .text.setInt   0x08000f70      0x150 ./Core/Src/LED74HC595.o
                0x08000f70                setInt
 .text.printInt
                0x080010c0       0x26 ./Core/Src/LED74HC595.o
                0x080010c0                printInt
 *fill*         0x080010e6        0x2 
 .text.decToBcd
                0x080010e8       0x48 ./Core/Src/ds3231.o
                0x080010e8                decToBcd
 .text.bcdToDec
                0x08001130       0x2e ./Core/Src/ds3231.o
                0x08001130                bcdToDec
 *fill*         0x0800115e        0x2 
 .text.Set_Time
                0x08001160       0xa0 ./Core/Src/ds3231.o
                0x08001160                Set_Time
 .text.Get_Time
                0x08001200       0xa0 ./Core/Src/ds3231.o
                0x08001200                Get_Time
 .text.Get_Temp
                0x080012a0       0x6c ./Core/Src/ds3231.o
                0x080012a0                Get_Temp
 .text.force_temp_conv
                0x0800130c       0x74 ./Core/Src/ds3231.o
                0x0800130c                force_temp_conv
 .text.read_encoder
                0x08001380       0x28 ./Core/Src/ky040.o
                0x08001380                read_encoder
 .text.main     0x080013a8       0x78 ./Core/Src/main.o
                0x080013a8                main
 .text.MX_I2C1_Init
                0x08001420       0x5c ./Core/Src/main.o
 .text.MX_TIM2_Init
                0x0800147c       0xa8 ./Core/Src/main.o
 .text.MX_GPIO_Init
                0x08001524       0xf0 ./Core/Src/main.o
 .text.SysTick_Handler
                0x08001614       0x24 ./Core/Src/main.o
                0x08001614                SysTick_Handler
 .text.Error_Handler
                0x08001638        0xc ./Core/Src/main.o
                0x08001638                Error_Handler
 .text.blink_led
                0x08001644       0x4c ./Core/Src/realtime_clock.o
                0x08001644                blink_led
 .text.encoder_Inc_Dec
                0x08001690      0x5d0 ./Core/Src/realtime_clock.o
                0x08001690                encoder_Inc_Dec
 .text.mode     0x08001c60      0xa24 ./Core/Src/realtime_clock.o
                0x08001c60                mode
 .text.HAL_I2C_MspInit
                0x08002684       0x7c ./Core/Src/stm32f1xx_hal_msp.o
                0x08002684                HAL_I2C_MspInit
 .text.HAL_TIM_Encoder_MspInit
                0x08002700       0x78 ./Core/Src/stm32f1xx_hal_msp.o
                0x08002700                HAL_TIM_Encoder_MspInit
 .text.NMI_Handler
                0x08002778        0x8 ./Core/Src/stm32f1xx_it.o
                0x08002778                NMI_Handler
 .text.HardFault_Handler
                0x08002780        0x8 ./Core/Src/stm32f1xx_it.o
                0x08002780                HardFault_Handler
 .text.MemManage_Handler
                0x08002788        0x8 ./Core/Src/stm32f1xx_it.o
                0x08002788                MemManage_Handler
 .text.BusFault_Handler
                0x08002790        0x8 ./Core/Src/stm32f1xx_it.o
                0x08002790                BusFault_Handler
 .text.UsageFault_Handler
                0x08002798        0x8 ./Core/Src/stm32f1xx_it.o
                0x08002798                UsageFault_Handler
 .text.SVC_Handler
                0x080027a0        0xc ./Core/Src/stm32f1xx_it.o
                0x080027a0                SVC_Handler
 .text.DebugMon_Handler
                0x080027ac        0xc ./Core/Src/stm32f1xx_it.o
                0x080027ac                DebugMon_Handler
 .text.PendSV_Handler
                0x080027b8        0xc ./Core/Src/stm32f1xx_it.o
                0x080027b8                PendSV_Handler
 .text.SystemInit
                0x080027c4        0xc ./Core/Src/system_stm32f1xx.o
                0x080027c4                SystemInit
 .text.Reset_Handler
                0x080027d0       0x48 ./Core/Startup/startup_stm32f103c8tx.o
                0x080027d0                Reset_Handler
 .text.Default_Handler
                0x08002818        0x2 ./Core/Startup/startup_stm32f103c8tx.o
                0x08002818                RTC_Alarm_IRQHandler
                0x08002818                EXTI2_IRQHandler
                0x08002818                TIM1_CC_IRQHandler
                0x08002818                PVD_IRQHandler
                0x08002818                EXTI3_IRQHandler
                0x08002818                EXTI0_IRQHandler
                0x08002818                I2C2_EV_IRQHandler
                0x08002818                ADC1_2_IRQHandler
                0x08002818                SPI1_IRQHandler
                0x08002818                TAMPER_IRQHandler
                0x08002818                DMA1_Channel4_IRQHandler
                0x08002818                USART3_IRQHandler
                0x08002818                RTC_IRQHandler
                0x08002818                DMA1_Channel7_IRQHandler
                0x08002818                CAN1_RX1_IRQHandler
                0x08002818                TIM4_IRQHandler
                0x08002818                I2C1_EV_IRQHandler
                0x08002818                DMA1_Channel6_IRQHandler
                0x08002818                TIM3_IRQHandler
                0x08002818                RCC_IRQHandler
                0x08002818                TIM1_TRG_COM_IRQHandler
                0x08002818                DMA1_Channel1_IRQHandler
                0x08002818                Default_Handler
                0x08002818                EXTI15_10_IRQHandler
                0x08002818                EXTI9_5_IRQHandler
                0x08002818                SPI2_IRQHandler
                0x08002818                DMA1_Channel5_IRQHandler
                0x08002818                EXTI4_IRQHandler
                0x08002818                USB_LP_CAN1_RX0_IRQHandler
                0x08002818                USB_HP_CAN1_TX_IRQHandler
                0x08002818                DMA1_Channel3_IRQHandler
                0x08002818                TIM1_UP_IRQHandler
                0x08002818                WWDG_IRQHandler
                0x08002818                TIM2_IRQHandler
                0x08002818                TIM1_BRK_IRQHandler
                0x08002818                EXTI1_IRQHandler
                0x08002818                USART2_IRQHandler
                0x08002818                I2C2_ER_IRQHandler
                0x08002818                DMA1_Channel2_IRQHandler
                0x08002818                CAN1_SCE_IRQHandler
                0x08002818                FLASH_IRQHandler
                0x08002818                USART1_IRQHandler
                0x08002818                I2C1_ER_IRQHandler
                0x08002818                USBWakeUp_IRQHandler
 *fill*         0x0800281a        0x2 
 .text.HAL_IncTick
                0x0800281c       0x24 ./Drivers/STM32F1xx_HAL_Driver/Src/stm32f1xx_hal.o
                0x0800281c                HAL_IncTick
 .text.HAL_GetTick
                0x08002840       0x14 ./Drivers/STM32F1xx_HAL_Driver/Src/stm32f1xx_hal.o
                0x08002840                HAL_GetTick
 .text.HAL_GPIO_Init
                0x08002854      0x308 ./Drivers/STM32F1xx_HAL_Driver/Src/stm32f1xx_hal_gpio.o
                0x08002854                HAL_GPIO_Init
 .text.HAL_GPIO_WritePin
                0x08002b5c       0x30 ./Drivers/STM32F1xx_HAL_Driver/Src/stm32f1xx_hal_gpio.o
                0x08002b5c                HAL_GPIO_WritePin
 .text.HAL_I2C_Init
                0x08002b8c      0x288 ./Drivers/STM32F1xx_HAL_Driver/Src/stm32f1xx_hal_i2c.o
                0x08002b8c                HAL_I2C_Init
 .text.HAL_I2C_Mem_Write
                0x08002e14      0x1f4 ./Drivers/STM32F1xx_HAL_Driver/Src/stm32f1xx_hal_i2c.o
                0x08002e14                HAL_I2C_Mem_Write
 .text.HAL_I2C_Mem_Read
                0x08003008      0x4d0 ./Drivers/STM32F1xx_HAL_Driver/Src/stm32f1xx_hal_i2c.o
                0x08003008                HAL_I2C_Mem_Read
 .text.I2C_RequestMemoryWrite
                0x080034d8      0x12c ./Drivers/STM32F1xx_HAL_Driver/Src/stm32f1xx_hal_i2c.o
 .text.I2C_RequestMemoryRead
                0x08003604      0x1d0 ./Drivers/STM32F1xx_HAL_Driver/Src/stm32f1xx_hal_i2c.o
 .text.I2C_WaitOnFlagUntilTimeout
                0x080037d4       0xf4 ./Drivers/STM32F1xx_HAL_Driver/Src/stm32f1xx_hal_i2c.o
 .text.I2C_WaitOnMasterAddressFlagUntilTimeout
                0x080038c8      0x140 ./Drivers/STM32F1xx_HAL_Driver/Src/stm32f1xx_hal_i2c.o
 .text.I2C_WaitOnTXEFlagUntilTimeout
                0x08003a08       0x90 ./Drivers/STM32F1xx_HAL_Driver/Src/stm32f1xx_hal_i2c.o
 .text.I2C_WaitOnBTFFlagUntilTimeout
                0x08003a98       0x90 ./Drivers/STM32F1xx_HAL_Driver/Src/stm32f1xx_hal_i2c.o
 .text.I2C_WaitOnRXNEFlagUntilTimeout
                0x08003b28       0xba ./Drivers/STM32F1xx_HAL_Driver/Src/stm32f1xx_hal_i2c.o
 .text.I2C_IsAcknowledgeFailed
                0x08003be2       0x5c ./Drivers/STM32F1xx_HAL_Driver/Src/stm32f1xx_hal_i2c.o
 *fill*         0x08003c3e        0x2 
 .text.HAL_PWR_EnterSLEEPMode
                0x08003c40       0x38 ./Drivers/STM32F1xx_HAL_Driver/Src/stm32f1xx_hal_pwr.o
                0x08003c40                HAL_PWR_EnterSLEEPMode
 .text.HAL_RCC_GetHCLKFreq
                0x08003c78       0x14 ./Drivers/STM32F1xx_HAL_Driver/Src/stm32f1xx_hal_rcc.o
                0x08003c78                HAL_RCC_GetHCLKFreq
 .text.HAL_RCC_GetPCLK1Freq
                0x08003c8c       0x28 ./Drivers/STM32F1xx_HAL_Driver/Src/stm32f1xx_hal_rcc.o
                0x08003c8c                HAL_RCC_GetPCLK1Freq
 .text.HAL_TIM_Encoder_Init
                0x08003cb4      0x144 ./Drivers/STM32F1xx_HAL_Driver/Src/stm32f1xx_hal_tim.o
                0x08003cb4                HAL_TIM_Encoder_Init
 .text.TIM_Base_SetConfig
                0x08003df8       0xc4 ./Drivers/STM32F1xx_HAL_Driver/Src/stm32f1xx_hal_tim.o
                0x08003df8                TIM_Base_SetConfig
 .text.HAL_TIMEx_MasterConfigSynchronization
                0x08003ebc       0xbc ./Drivers/STM32F1xx_HAL_Driver/Src/stm32f1xx_hal_tim_ex.o
                0x08003ebc                HAL_TIMEx_MasterConfigSynchronization
 .text.memset   0x08003f78       0x10 C:/ST/STM32CubeIDE_1.14.1/STM32CubeIDE/plugins/com.st.stm32cube.ide.mcu.externaltools.gnu-tools-for-stm32.12.3.rel1.win32_1.0.100.202403111256/tools/bin/../lib/gcc/arm-none-eabi/12.3.1/../../../../arm-none-eabi/lib/thumb/v7-m/nofp\libc_nano.a(libc_a-memset.o)
                0x08003f78                memset
 .text.__libc_init_array
                0x08003f88       0x48 C:/ST/STM32CubeIDE_1.14.1/STM32CubeIDE/plugins/com.st.stm32cube.ide.mcu.externaltools.gnu-tools-for-stm32.12.3.rel1.win32_1.0.100.202403111256/tools/bin/../lib/gcc/arm-none-eabi/12.3.1/../../../../arm-none-eabi/lib/thumb/v7-m/nofp\libc_nano.a(libc_a-init.o)
                0x08003f88                __libc_init_array
 *(.glue_7)
 .glue_7        0x08003fd0        0x0 linker stubs
 *(.glue_7t)
 .glue_7t       0x08003fd0        0x0 linker stubs
 *(.eh_frame)
 .eh_frame      0x08003fd0        0x0 C:/ST/STM32CubeIDE_1.14.1/STM32CubeIDE/plugins/com.st.stm32cube.ide.mcu.externaltools.gnu-tools-for-stm32.12.3.rel1.win32_1.0.100.202403111256/tools/bin/../lib/gcc/arm-none-eabi/12.3.1/thumb/v7-m/nofp/crtbegin.o
 *(.init)
 .init          0x08003fd0        0x4 C:/ST/STM32CubeIDE_1.14.1/STM32CubeIDE/plugins/com.st.stm32cube.ide.mcu.externaltools.gnu-tools-for-stm32.12.3.rel1.win32_1.0.100.202403111256/tools/bin/../lib/gcc/arm-none-eabi/12.3.1/thumb/v7-m/nofp/crti.o
                0x08003fd0                _init
 .init          0x08003fd4        0x8 C:/ST/STM32CubeIDE_1.14.1/STM32CubeIDE/plugins/com.st.stm32cube.ide.mcu.externaltools.gnu-tools-for-stm32.12.3.rel1.win32_1.0.100.202403111256/tools/bin/../lib/gcc/arm-none-eabi/12.3.1/thumb/v7-m/nofp/crtn.o
 *(.fini)
 .fini          0x08003fdc        0x4 C:/ST/STM32CubeIDE_1.14.1/STM32CubeIDE/plugins/com.st.stm32cube.ide.mcu.externaltools.gnu-tools-for-stm32.12.3.rel1.win32_1.0.100.202403111256/tools/bin/../lib/gcc/arm-none-eabi/12.3.1/thumb/v7-m/nofp/crti.o
                0x08003fdc                _fini
 .fini          0x08003fe0        0x8 C:/ST/STM32CubeIDE_1.14.1/STM32CubeIDE/plugins/com.st.stm32cube.ide.mcu.externaltools.gnu-tools-for-stm32.12.3.rel1.win32_1.0.100.202403111256/tools/bin/../lib/gcc/arm-none-eabi/12.3.1/thumb/v7-m/nofp/crtn.o
                0x08003fe8                        . = ALIGN (0x4)
                0x08003fe8                        _etext = .

.vfp11_veneer   0x08003fe8        0x0
 .vfp11_veneer  0x08003fe8        0x0 linker stubs

.v4_bx          0x08003fe8        0x0
 .v4_bx         0x08003fe8        0x0 linker stubs

.iplt           0x08003fe8        0x0
 .iplt          0x08003fe8        0x0 C:/ST/STM32CubeIDE_1.14.1/STM32CubeIDE/plugins/com.st.stm32cube.ide.mcu.externaltools.gnu-tools-for-stm32.12.3.rel1.win32_1.0.100.202403111256/tools/bin/../lib/gcc/arm-none-eabi/12.3.1/thumb/v7-m/nofp/crtbegin.o

.rodata         0x08003fe8       0x1c
                0x08003fe8                        . = ALIGN (0x4)
 *(.rodata)
 *(.rodata*)
 .rodata.digitPatterns
                0x08003fe8       0x11 ./Core/Src/LED74HC595.o
 *fill*         0x08003ff9        0x3 
 .rodata.APBPrescTable
                0x08003ffc        0x8 ./Core/Src/system_stm32f1xx.o
                0x08003ffc                APBPrescTable
                0x08004004                        . = ALIGN (0x4)

.ARM.extab      0x08004004        0x0
                0x08004004                        . = ALIGN (0x4)
 *(.ARM.extab* .gnu.linkonce.armextab.*)
                0x08004004                        . = ALIGN (0x4)

.ARM            0x08004004        0x0
                0x08004004                        . = ALIGN (0x4)
                0x08004004                        __exidx_start = .
 *(.ARM.exidx*)
                0x08004004                        __exidx_end = .
                0x08004004                        . = ALIGN (0x4)

.preinit_array  0x08004004        0x0
                0x08004004                        . = ALIGN (0x4)
                0x08004004                        PROVIDE (__preinit_array_start = .)
 *(.preinit_array*)
                0x08004004                        PROVIDE (__preinit_array_end = .)
                0x08004004                        . = ALIGN (0x4)

.init_array     0x08004004        0x4
                0x08004004                        . = ALIGN (0x4)
                0x08004004                        PROVIDE (__init_array_start = .)
 *(SORT_BY_NAME(.init_array.*))
 *(.init_array*)
 .init_array    0x08004004        0x4 C:/ST/STM32CubeIDE_1.14.1/STM32CubeIDE/plugins/com.st.stm32cube.ide.mcu.externaltools.gnu-tools-for-stm32.12.3.rel1.win32_1.0.100.202403111256/tools/bin/../lib/gcc/arm-none-eabi/12.3.1/thumb/v7-m/nofp/crtbegin.o
                0x08004008                        PROVIDE (__init_array_end = .)
                0x08004008                        . = ALIGN (0x4)

.fini_array     0x08004008        0x4
                0x08004008                        . = ALIGN (0x4)
                [!provide]                        PROVIDE (__fini_array_start = .)
 *(SORT_BY_NAME(.fini_array.*))
 *(.fini_array*)
 .fini_array    0x08004008        0x4 C:/ST/STM32CubeIDE_1.14.1/STM32CubeIDE/plugins/com.st.stm32cube.ide.mcu.externaltools.gnu-tools-for-stm32.12.3.rel1.win32_1.0.100.202403111256/tools/bin/../lib/gcc/arm-none-eabi/12.3.1/thumb/v7-m/nofp/crtbegin.o
                [!provide]                        PROVIDE (__fini_array_end = .)
                0x0800400c                        . = ALIGN (0x4)
                0x0800400c                        _sidata = LOADADDR (.data)

.rel.dyn        0x0800400c        0x0
 .rel.iplt      0x0800400c        0x0 C:/ST/STM32CubeIDE_1.14.1/STM32CubeIDE/plugins/com.st.stm32cube.ide.mcu.externaltools.gnu-tools-for-stm32.12.3.rel1.win32_1.0.100.202403111256/tools/bin/../lib/gcc/arm-none-eabi/12.3.1/thumb/v7-m/nofp/crtbegin.o

.data           0x20000000        0xc load address 0x0800400c
                0x20000000                        . = ALIGN (0x4)
                0x20000000                        _sdata = .
 *(.data)
 *(.data*)
 .data.year     0x20000000        0x2 ./Core/Src/realtime_clock.o
                0x20000000                year
 *fill*         0x20000002        0x2 
 .data.SystemCoreClock
                0x20000004        0x4 ./Core/Src/system_stm32f1xx.o
                0x20000004                SystemCoreClock
 .data.uwTickFreq
                0x20000008        0x1 ./Drivers/STM32F1xx_HAL_Driver/Src/stm32f1xx_hal.o
                0x20000008                uwTickFreq
 *(.RamFunc)
 *(.RamFunc*)
                0x2000000c                        . = ALIGN (0x4)
 *fill*         0x20000009        0x3 
                0x2000000c                        _edata = .

.igot.plt       0x2000000c        0x0 load address 0x08004018
 .igot.plt      0x2000000c        0x0 C:/ST/STM32CubeIDE_1.14.1/STM32CubeIDE/plugins/com.st.stm32cube.ide.mcu.externaltools.gnu-tools-for-stm32.12.3.rel1.win32_1.0.100.202403111256/tools/bin/../lib/gcc/arm-none-eabi/12.3.1/thumb/v7-m/nofp/crtbegin.o
                0x2000000c                        . = ALIGN (0x4)

.bss            0x2000000c      0x108 load address 0x08004018
                0x2000000c                        _sbss = .
                0x2000000c                        __bss_start__ = _sbss
 *(.bss)
 .bss           0x2000000c       0x1c C:/ST/STM32CubeIDE_1.14.1/STM32CubeIDE/plugins/com.st.stm32cube.ide.mcu.externaltools.gnu-tools-for-stm32.12.3.rel1.win32_1.0.100.202403111256/tools/bin/../lib/gcc/arm-none-eabi/12.3.1/thumb/v7-m/nofp/crtbegin.o
 *(.bss*)
 .bss._ledObj   0x20000028        0x4 ./Core/Src/LED74HC595.o
                0x20000028                _ledObj
 .bss.rtcTime   0x2000002c        0x7 ./Core/Src/ds3231.o
                0x2000002c                rtcTime
 *fill*         0x20000033        0x1 
 .bss.hi2c1     0x20000034       0x54 ./Core/Src/main.o
                0x20000034                hi2c1
 .bss.htim2     0x20000088       0x48 ./Core/Src/main.o
                0x20000088                htim2
 .bss.TEMP      0x200000d0        0x4 ./Core/Src/main.o
                0x200000d0                TEMP
 .bss.currentMode
                0x200000d4        0x1 ./Core/Src/realtime_clock.o
                0x200000d4                currentMode
 .bss.buzzer    0x200000d5        0x1 ./Core/Src/realtime_clock.o
                0x200000d5                buzzer
 .bss.setup_alarm
                0x200000d6        0x1 ./Core/Src/realtime_clock.o
                0x200000d6                setup_alarm
 *fill*         0x200000d7        0x1 
 .bss.modeChangeCount
                0x200000d8        0x4 ./Core/Src/realtime_clock.o
                0x200000d8                modeChangeCount
 .bss.modeTimeCount
                0x200000dc        0x4 ./Core/Src/realtime_clock.o
                0x200000dc                modeTimeCount
 .bss.previousSecond
                0x200000e0        0x4 ./Core/Src/realtime_clock.o
                0x200000e0                previousSecond
 .bss.encoderValue
                0x200000e4        0x4 ./Core/Src/realtime_clock.o
                0x200000e4                encoderValue
 .bss.previousEncoderValue
                0x200000e8        0x4 ./Core/Src/realtime_clock.o
 .bss.ButtonCount
                0x200000ec        0x1 ./Core/Src/realtime_clock.o
                0x200000ec                ButtonCount
 .bss.delay_counter
                0x200000ed        0x1 ./Core/Src/realtime_clock.o
                0x200000ed                delay_counter
 .bss.alarm_hour
                0x200000ee        0x1 ./Core/Src/realtime_clock.o
                0x200000ee                alarm_hour
 .bss.alarm_minute
                0x200000ef        0x1 ./Core/Src/realtime_clock.o
                0x200000ef                alarm_minute
 .bss.second    0x200000f0        0x2 ./Core/Src/realtime_clock.o
                0x200000f0                second
 .bss.minute    0x200000f2        0x2 ./Core/Src/realtime_clock.o
                0x200000f2                minute
 .bss.hour      0x200000f4        0x2 ./Core/Src/realtime_clock.o
                0x200000f4                hour
 .bss.dayw      0x200000f6        0x2 ./Core/Src/realtime_clock.o
                0x200000f6                dayw
 .bss.day       0x200000f8        0x2 ./Core/Src/realtime_clock.o
                0x200000f8                day
 .bss.month     0x200000fa        0x2 ./Core/Src/realtime_clock.o
                0x200000fa                month
 .bss.new_second
                0x200000fc        0x2 ./Core/Src/realtime_clock.o
                0x200000fc                new_second
 .bss.new_minute
                0x200000fe        0x2 ./Core/Src/realtime_clock.o
                0x200000fe                new_minute
 .bss.new_hour  0x20000100        0x2 ./Core/Src/realtime_clock.o
                0x20000100                new_hour
 .bss.new_day   0x20000102        0x2 ./Core/Src/realtime_clock.o
                0x20000102                new_day
 .bss.new_month
                0x20000104        0x2 ./Core/Src/realtime_clock.o
                0x20000104                new_month
 .bss.new_year  0x20000106        0x2 ./Core/Src/realtime_clock.o
                0x20000106                new_year
 .bss.previousButtonState_MS.4
                0x20000108        0x1 ./Core/Src/realtime_clock.o
 .bss.previousButtonState_HM.3
                0x20000109        0x1 ./Core/Src/realtime_clock.o
 .bss.previousButtonState_DM.2
                0x2000010a        0x1 ./Core/Src/realtime_clock.o
 .bss.previousButtonState_Y.1
                0x2000010b        0x1 ./Core/Src/realtime_clock.o
 .bss.previousButtonState_AL.0
                0x2000010c        0x1 ./Core/Src/realtime_clock.o
 *fill*         0x2000010d        0x3 
 .bss.uwTick    0x20000110        0x4 ./Drivers/STM32F1xx_HAL_Driver/Src/stm32f1xx_hal.o
                0x20000110                uwTick
 *(COMMON)
                0x20000114                        . = ALIGN (0x4)
                0x20000114                        _ebss = .
                0x20000114                        __bss_end__ = _ebss

._user_heap_stack
                0x20000114      0x604 load address 0x08004018
                0x20000118                        . = ALIGN (0x8)
 *fill*         0x20000114        0x4 
                [!provide]                        PROVIDE (end = .)
                0x20000118                        PROVIDE (_end = .)
                0x20000318                        . = (. + _Min_Heap_Size)
 *fill*         0x20000118      0x200 
                0x20000718                        . = (. + _Min_Stack_Size)
 *fill*         0x20000318      0x400 
                0x20000718                        . = ALIGN (0x8)

/DISCARD/
 libc.a(*)
 libm.a(*)
 libgcc.a(*)

.ARM.attributes
                0x00000000       0x29
 *(.ARM.attributes)
 .ARM.attributes
                0x00000000       0x1d C:/ST/STM32CubeIDE_1.14.1/STM32CubeIDE/plugins/com.st.stm32cube.ide.mcu.externaltools.gnu-tools-for-stm32.12.3.rel1.win32_1.0.100.202403111256/tools/bin/../lib/gcc/arm-none-eabi/12.3.1/thumb/v7-m/nofp/crti.o
 .ARM.attributes
                0x0000001d       0x2d C:/ST/STM32CubeIDE_1.14.1/STM32CubeIDE/plugins/com.st.stm32cube.ide.mcu.externaltools.gnu-tools-for-stm32.12.3.rel1.win32_1.0.100.202403111256/tools/bin/../lib/gcc/arm-none-eabi/12.3.1/thumb/v7-m/nofp/crtbegin.o
 .ARM.attributes
                0x0000004a       0x2d ./Core/Src/EOS.o
 .ARM.attributes
                0x00000077       0x2d ./Core/Src/LED74HC595.o
 .ARM.attributes
                0x000000a4       0x2d ./Core/Src/ds3231.o
 .ARM.attributes
                0x000000d1       0x2d ./Core/Src/ky040.o
 .ARM.attributes
                0x000000fe       0x2d ./Core/Src/main.o
 .ARM.attributes
                0x0000012b       0x2d ./Core/Src/realtime_clock.o
 .ARM.attributes
                0x00000158       0x2d ./Core/Src/stm32f1xx_hal_msp.o
 .ARM.attributes
                0x00000185       0x2d ./Core/Src/stm32f1xx_it.o
 .ARM.attributes
                0x000001b2       0x2d ./Core/Src/system_stm32f1xx.o
 .ARM.attributes
                0x000001df       0x21 ./Core/Startup/startup_stm32f103c8tx.o
 .ARM.attributes
                0x00000200       0x2d ./Drivers/STM32F1xx_HAL_Driver/Src/stm32f1xx_hal.o
 .ARM.attributes
                0x0000022d       0x2d ./Drivers/STM32F1xx_HAL_Driver/Src/stm32f1xx_hal_gpio.o
 .ARM.attributes
                0x0000025a       0x2d ./Drivers/STM32F1xx_HAL_Driver/Src/stm32f1xx_hal_i2c.o
 .ARM.attributes
                0x00000287       0x2d ./Drivers/STM32F1xx_HAL_Driver/Src/stm32f1xx_hal_pwr.o
 .ARM.attributes
                0x000002b4       0x2d ./Drivers/STM32F1xx_HAL_Driver/Src/stm32f1xx_hal_rcc.o
 .ARM.attributes
                0x000002e1       0x2d ./Drivers/STM32F1xx_HAL_Driver/Src/stm32f1xx_hal_tim.o
 .ARM.attributes
                0x0000030e       0x2d ./Drivers/STM32F1xx_HAL_Driver/Src/stm32f1xx_hal_tim_ex.o
 .ARM.attributes
                0x0000033b       0x2d C:/ST/STM32CubeIDE_1.14.1/STM32CubeIDE/plugins/com.st.stm32cube.ide.mcu.externaltools.gnu-tools-for-stm32.12.3.rel1.win32_1.0.100.202403111256/tools/bin/../lib/gcc/arm-none-eabi/12.3.1/../../../../arm-none-eabi/lib/thumb/v7-m/nofp\libc_nano.a(libc_a-memset.o)
 .ARM.attributes
                0x00000368       0x2d C:/ST/STM32CubeIDE_1.14.1/STM32CubeIDE/plugins/com.st.stm32cube.ide.mcu.externaltools.gnu-tools-for-stm32.12.3.rel1.win32_1.0.100.202403111256/tools/bin/../lib/gcc/arm-none-eabi/12.3.1/../../../../arm-none-eabi/lib/thumb/v7-m/nofp\libc_nano.a(libc_a-init.o)
 .ARM.attributes
                0x00000395       0x1d C:/ST/STM32CubeIDE_1.14.1/STM32CubeIDE/plugins/com.st.stm32cube.ide.mcu.externaltools.gnu-tools-for-stm32.12.3.rel1.win32_1.0.100.202403111256/tools/bin/../lib/gcc/arm-none-eabi/12.3.1/thumb/v7-m/nofp\libgcc.a(_arm_addsubdf3.o)
 .ARM.attributes
                0x000003b2       0x1d C:/ST/STM32CubeIDE_1.14.1/STM32CubeIDE/plugins/com.st.stm32cube.ide.mcu.externaltools.gnu-tools-for-stm32.12.3.rel1.win32_1.0.100.202403111256/tools/bin/../lib/gcc/arm-none-eabi/12.3.1/thumb/v7-m/nofp\libgcc.a(_arm_muldivdf3.o)
 .ARM.attributes
                0x000003cf       0x1d C:/ST/STM32CubeIDE_1.14.1/STM32CubeIDE/plugins/com.st.stm32cube.ide.mcu.externaltools.gnu-tools-for-stm32.12.3.rel1.win32_1.0.100.202403111256/tools/bin/../lib/gcc/arm-none-eabi/12.3.1/thumb/v7-m/nofp\libgcc.a(_arm_truncdfsf2.o)
 .ARM.attributes
                0x000003ec       0x1d C:/ST/STM32CubeIDE_1.14.1/STM32CubeIDE/plugins/com.st.stm32cube.ide.mcu.externaltools.gnu-tools-for-stm32.12.3.rel1.win32_1.0.100.202403111256/tools/bin/../lib/gcc/arm-none-eabi/12.3.1/thumb/v7-m/nofp\libgcc.a(_arm_muldivsf3.o)
 .ARM.attributes
                0x00000409       0x1d C:/ST/STM32CubeIDE_1.14.1/STM32CubeIDE/plugins/com.st.stm32cube.ide.mcu.externaltools.gnu-tools-for-stm32.12.3.rel1.win32_1.0.100.202403111256/tools/bin/../lib/gcc/arm-none-eabi/12.3.1/thumb/v7-m/nofp\libgcc.a(_arm_fixsfsi.o)
 .ARM.attributes
                0x00000426       0x1d C:/ST/STM32CubeIDE_1.14.1/STM32CubeIDE/plugins/com.st.stm32cube.ide.mcu.externaltools.gnu-tools-for-stm32.12.3.rel1.win32_1.0.100.202403111256/tools/bin/../lib/gcc/arm-none-eabi/12.3.1/thumb/v7-m/nofp/crtn.o
OUTPUT(RealTime_Clock.elf elf32-littlearm)
LOAD linker stubs
LOAD C:/ST/STM32CubeIDE_1.14.1/STM32CubeIDE/plugins/com.st.stm32cube.ide.mcu.externaltools.gnu-tools-for-stm32.12.3.rel1.win32_1.0.100.202403111256/tools/bin/../lib/gcc/arm-none-eabi/12.3.1/../../../../arm-none-eabi/lib/thumb/v7-m/nofp\libc.a
LOAD C:/ST/STM32CubeIDE_1.14.1/STM32CubeIDE/plugins/com.st.stm32cube.ide.mcu.externaltools.gnu-tools-for-stm32.12.3.rel1.win32_1.0.100.202403111256/tools/bin/../lib/gcc/arm-none-eabi/12.3.1/../../../../arm-none-eabi/lib/thumb/v7-m/nofp\libm.a
LOAD C:/ST/STM32CubeIDE_1.14.1/STM32CubeIDE/plugins/com.st.stm32cube.ide.mcu.externaltools.gnu-tools-for-stm32.12.3.rel1.win32_1.0.100.202403111256/tools/bin/../lib/gcc/arm-none-eabi/12.3.1/thumb/v7-m/nofp\libgcc.a

.debug_info     0x00000000     0xb8a3
 .debug_info    0x00000000      0x115 ./Core/Src/EOS.o
 .debug_info    0x00000115      0x5d9 ./Core/Src/LED74HC595.o
 .debug_info    0x000006ee      0x809 ./Core/Src/ds3231.o
 .debug_info    0x00000ef7      0x6f9 ./Core/Src/ky040.o
 .debug_info    0x000015f0      0xff8 ./Core/Src/main.o
 .debug_info    0x000025e8      0x5c5 ./Core/Src/realtime_clock.o
 .debug_info    0x00002bad      0xc15 ./Core/Src/stm32f1xx_hal_msp.o
 .debug_info    0x000037c2       0xf8 ./Core/Src/stm32f1xx_it.o
 .debug_info    0x000038ba      0x222 ./Core/Src/system_stm32f1xx.o
 .debug_info    0x00003adc       0x30 ./Core/Startup/startup_stm32f103c8tx.o
 .debug_info    0x00003b0c      0x704 ./Drivers/STM32F1xx_HAL_Driver/Src/stm32f1xx_hal.o
 .debug_info    0x00004210      0x5ab ./Drivers/STM32F1xx_HAL_Driver/Src/stm32f1xx_hal_gpio.o
 .debug_info    0x000047bb     0x2515 ./Drivers/STM32F1xx_HAL_Driver/Src/stm32f1xx_hal_i2c.o
 .debug_info    0x00006cd0      0x628 ./Drivers/STM32F1xx_HAL_Driver/Src/stm32f1xx_hal_pwr.o
 .debug_info    0x000072f8      0x7d5 ./Drivers/STM32F1xx_HAL_Driver/Src/stm32f1xx_hal_rcc.o
 .debug_info    0x00007acd     0x293b ./Drivers/STM32F1xx_HAL_Driver/Src/stm32f1xx_hal_tim.o
 .debug_info    0x0000a408     0x149b ./Drivers/STM32F1xx_HAL_Driver/Src/stm32f1xx_hal_tim_ex.o

.debug_abbrev   0x00000000     0x1ece
 .debug_abbrev  0x00000000       0xc6 ./Core/Src/EOS.o
 .debug_abbrev  0x000000c6      0x20f ./Core/Src/LED74HC595.o
 .debug_abbrev  0x000002d5      0x1f4 ./Core/Src/ds3231.o
 .debug_abbrev  0x000004c9      0x194 ./Core/Src/ky040.o
 .debug_abbrev  0x0000065d      0x319 ./Core/Src/main.o
 .debug_abbrev  0x00000976      0x1e8 ./Core/Src/realtime_clock.o
 .debug_abbrev  0x00000b5e      0x1b6 ./Core/Src/stm32f1xx_hal_msp.o
 .debug_abbrev  0x00000d14       0x47 ./Core/Src/stm32f1xx_it.o
 .debug_abbrev  0x00000d5b      0x13f ./Core/Src/system_stm32f1xx.o
 .debug_abbrev  0x00000e9a       0x24 ./Core/Startup/startup_stm32f103c8tx.o
 .debug_abbrev  0x00000ebe      0x201 ./Drivers/STM32F1xx_HAL_Driver/Src/stm32f1xx_hal.o
 .debug_abbrev  0x000010bf      0x1ca ./Drivers/STM32F1xx_HAL_Driver/Src/stm32f1xx_hal_gpio.o
 .debug_abbrev  0x00001289      0x2a3 ./Drivers/STM32F1xx_HAL_Driver/Src/stm32f1xx_hal_i2c.o
 .debug_abbrev  0x0000152c      0x1f6 ./Drivers/STM32F1xx_HAL_Driver/Src/stm32f1xx_hal_pwr.o
 .debug_abbrev  0x00001722      0x2b3 ./Drivers/STM32F1xx_HAL_Driver/Src/stm32f1xx_hal_rcc.o
 .debug_abbrev  0x000019d5      0x277 ./Drivers/STM32F1xx_HAL_Driver/Src/stm32f1xx_hal_tim.o
 .debug_abbrev  0x00001c4c      0x282 ./Drivers/STM32F1xx_HAL_Driver/Src/stm32f1xx_hal_tim_ex.o

.debug_aranges  0x00000000      0xcb8
 .debug_aranges
                0x00000000       0x20 ./Core/Src/EOS.o
 .debug_aranges
                0x00000020       0x70 ./Core/Src/LED74HC595.o
 .debug_aranges
                0x00000090       0x48 ./Core/Src/ds3231.o
 .debug_aranges
                0x000000d8       0x28 ./Core/Src/ky040.o
 .debug_aranges
                0x00000100       0x50 ./Core/Src/main.o
 .debug_aranges
                0x00000150       0x30 ./Core/Src/realtime_clock.o
 .debug_aranges
                0x00000180       0x40 ./Core/Src/stm32f1xx_hal_msp.o
 .debug_aranges
                0x000001c0       0x58 ./Core/Src/stm32f1xx_it.o
 .debug_aranges
                0x00000218       0x28 ./Core/Src/system_stm32f1xx.o
 .debug_aranges
                0x00000240       0x28 ./Core/Startup/startup_stm32f103c8tx.o
 .debug_aranges
                0x00000268       0xe0 ./Drivers/STM32F1xx_HAL_Driver/Src/stm32f1xx_hal.o
 .debug_aranges
                0x00000348       0x58 ./Drivers/STM32F1xx_HAL_Driver/Src/stm32f1xx_hal_gpio.o
 .debug_aranges
                0x000003a0      0x2a8 ./Drivers/STM32F1xx_HAL_Driver/Src/stm32f1xx_hal_i2c.o
 .debug_aranges
                0x00000648       0xa8 ./Drivers/STM32F1xx_HAL_Driver/Src/stm32f1xx_hal_pwr.o
 .debug_aranges
                0x000006f0       0x90 ./Drivers/STM32F1xx_HAL_Driver/Src/stm32f1xx_hal_rcc.o
 .debug_aranges
                0x00000780      0x3d0 ./Drivers/STM32F1xx_HAL_Driver/Src/stm32f1xx_hal_tim.o
 .debug_aranges
                0x00000b50      0x168 ./Drivers/STM32F1xx_HAL_Driver/Src/stm32f1xx_hal_tim_ex.o

.debug_rnglists
                0x00000000      0x9ed
 .debug_rnglists
                0x00000000       0x13 ./Core/Src/EOS.o
 .debug_rnglists
                0x00000013       0x55 ./Core/Src/LED74HC595.o
 .debug_rnglists
                0x00000068       0x33 ./Core/Src/ds3231.o
 .debug_rnglists
                0x0000009b       0x19 ./Core/Src/ky040.o
 .debug_rnglists
                0x000000b4       0x3a ./Core/Src/main.o
 .debug_rnglists
                0x000000ee       0x21 ./Core/Src/realtime_clock.o
 .debug_rnglists
                0x0000010f       0x2b ./Core/Src/stm32f1xx_hal_msp.o
 .debug_rnglists
                0x0000013a       0x3d ./Core/Src/stm32f1xx_it.o
 .debug_rnglists
                0x00000177       0x1a ./Core/Src/system_stm32f1xx.o
 .debug_rnglists
                0x00000191       0x19 ./Core/Startup/startup_stm32f103c8tx.o
 .debug_rnglists
                0x000001aa       0xa3 ./Drivers/STM32F1xx_HAL_Driver/Src/stm32f1xx_hal.o
 .debug_rnglists
                0x0000024d       0x3f ./Drivers/STM32F1xx_HAL_Driver/Src/stm32f1xx_hal_gpio.o
 .debug_rnglists
                0x0000028c      0x23c ./Drivers/STM32F1xx_HAL_Driver/Src/stm32f1xx_hal_i2c.o
 .debug_rnglists
                0x000004c8       0x7a ./Drivers/STM32F1xx_HAL_Driver/Src/stm32f1xx_hal_pwr.o
 .debug_rnglists
                0x00000542       0x6c ./Drivers/STM32F1xx_HAL_Driver/Src/stm32f1xx_hal_rcc.o
 .debug_rnglists
                0x000005ae      0x31a ./Drivers/STM32F1xx_HAL_Driver/Src/stm32f1xx_hal_tim.o
 .debug_rnglists
                0x000008c8      0x125 ./Drivers/STM32F1xx_HAL_Driver/Src/stm32f1xx_hal_tim_ex.o

.debug_macro    0x00000000    0x181f3
 .debug_macro   0x00000000      0x1ad ./Core/Src/EOS.o
 .debug_macro   0x000001ad      0xaa8 ./Core/Src/EOS.o
 .debug_macro   0x00000c55      0x21b ./Core/Src/EOS.o
 .debug_macro   0x00000e70       0x2e ./Core/Src/EOS.o
 .debug_macro   0x00000e9e       0x22 ./Core/Src/EOS.o
 .debug_macro   0x00000ec0       0x22 ./Core/Src/EOS.o
 .debug_macro   0x00000ee2       0x8e ./Core/Src/EOS.o
 .debug_macro   0x00000f70       0x51 ./Core/Src/EOS.o
 .debug_macro   0x00000fc1      0x103 ./Core/Src/EOS.o
 .debug_macro   0x000010c4       0x6a ./Core/Src/EOS.o
 .debug_macro   0x0000112e      0x1df ./Core/Src/EOS.o
 .debug_macro   0x0000130d       0x1c ./Core/Src/EOS.o
 .debug_macro   0x00001329       0x22 ./Core/Src/EOS.o
 .debug_macro   0x0000134b       0xbd ./Core/Src/EOS.o
 .debug_macro   0x00001408      0xd23 ./Core/Src/EOS.o
 .debug_macro   0x0000212b     0xe09e ./Core/Src/EOS.o
 .debug_macro   0x000101c9       0x6d ./Core/Src/EOS.o
 .debug_macro   0x00010236     0x348d ./Core/Src/EOS.o
 .debug_macro   0x000136c3      0x189 ./Core/Src/EOS.o
 .debug_macro   0x0001384c       0x5c ./Core/Src/EOS.o
 .debug_macro   0x000138a8      0x5bc ./Core/Src/EOS.o
 .debug_macro   0x00013e64      0x289 ./Core/Src/EOS.o
 .debug_macro   0x000140ed      0x1cb ./Core/Src/EOS.o
 .debug_macro   0x000142b8      0x114 ./Core/Src/EOS.o
 .debug_macro   0x000143cc      0x1b2 ./Core/Src/EOS.o
 .debug_macro   0x0001457e       0x27 ./Core/Src/EOS.o
 .debug_macro   0x000145a5      0x136 ./Core/Src/EOS.o
 .debug_macro   0x000146db      0x1bc ./Core/Src/EOS.o
 .debug_macro   0x00014897       0x34 ./Core/Src/EOS.o
 .debug_macro   0x000148cb       0x3c ./Core/Src/EOS.o
 .debug_macro   0x00014907       0x57 ./Core/Src/EOS.o
 .debug_macro   0x0001495e       0x87 ./Core/Src/EOS.o
 .debug_macro   0x000149e5      0x240 ./Core/Src/EOS.o
 .debug_macro   0x00014c25      0x287 ./Core/Src/EOS.o
 .debug_macro   0x00014eac      0x140 ./Core/Src/EOS.o
 .debug_macro   0x00014fec      0x8ed ./Core/Src/EOS.o
 .debug_macro   0x000158d9       0x83 ./Core/Src/EOS.o
 .debug_macro   0x0001595c      0x2a5 ./Core/Src/LED74HC595.o
 .debug_macro   0x00015c01       0x22 ./Core/Src/LED74HC595.o
 .debug_macro   0x00015c23       0x61 ./Core/Src/LED74HC595.o
 .debug_macro   0x00015c84       0x24 ./Core/Src/LED74HC595.o
 .debug_macro   0x00015ca8       0x43 ./Core/Src/LED74HC595.o
 .debug_macro   0x00015ceb       0x34 ./Core/Src/LED74HC595.o
 .debug_macro   0x00015d1f       0x16 ./Core/Src/LED74HC595.o
 .debug_macro   0x00015d35       0x43 ./Core/Src/LED74HC595.o
 .debug_macro   0x00015d78       0x34 ./Core/Src/LED74HC595.o
 .debug_macro   0x00015dac       0x10 ./Core/Src/LED74HC595.o
 .debug_macro   0x00015dbc       0x58 ./Core/Src/LED74HC595.o
 .debug_macro   0x00015e14       0x8e ./Core/Src/LED74HC595.o
 .debug_macro   0x00015ea2       0x1c ./Core/Src/LED74HC595.o
 .debug_macro   0x00015ebe      0x177 ./Core/Src/LED74HC595.o
 .debug_macro   0x00016035      0x369 ./Core/Src/LED74HC595.o
 .debug_macro   0x0001639e      0x19b ./Core/Src/LED74HC595.o
 .debug_macro   0x00016539       0x16 ./Core/Src/LED74HC595.o
 .debug_macro   0x0001654f       0x35 ./Core/Src/LED74HC595.o
 .debug_macro   0x00016584       0x16 ./Core/Src/LED74HC595.o
 .debug_macro   0x0001659a       0x29 ./Core/Src/LED74HC595.o
 .debug_macro   0x000165c3      0x1c1 ./Core/Src/ds3231.o
 .debug_macro   0x00016784      0x1ad ./Core/Src/ky040.o
 .debug_macro   0x00016931      0x2c0 ./Core/Src/main.o
 .debug_macro   0x00016bf1       0x1c ./Core/Src/main.o
 .debug_macro   0x00016c0d       0x10 ./Core/Src/main.o
 .debug_macro   0x00016c1d       0x1c ./Core/Src/main.o
 .debug_macro   0x00016c39       0x16 ./Core/Src/main.o
 .debug_macro   0x00016c4f      0x146 ./Core/Src/main.o
 .debug_macro   0x00016d95       0x10 ./Core/Src/main.o
 .debug_macro   0x00016da5      0x282 ./Core/Src/realtime_clock.o
 .debug_macro   0x00017027      0x1ad ./Core/Src/stm32f1xx_hal_msp.o
 .debug_macro   0x000171d4      0x1b7 ./Core/Src/stm32f1xx_it.o
 .debug_macro   0x0001738b      0x1a3 ./Core/Src/system_stm32f1xx.o
 .debug_macro   0x0001752e      0x1c7 ./Drivers/STM32F1xx_HAL_Driver/Src/stm32f1xx_hal.o
 .debug_macro   0x000176f5      0x20e ./Drivers/STM32F1xx_HAL_Driver/Src/stm32f1xx_hal_gpio.o
 .debug_macro   0x00017903      0x1f1 ./Drivers/STM32F1xx_HAL_Driver/Src/stm32f1xx_hal_i2c.o
 .debug_macro   0x00017af4      0x203 ./Drivers/STM32F1xx_HAL_Driver/Src/stm32f1xx_hal_pwr.o
 .debug_macro   0x00017cf7      0x1b5 ./Drivers/STM32F1xx_HAL_Driver/Src/stm32f1xx_hal_rcc.o
 .debug_macro   0x00017eac      0x1a4 ./Drivers/STM32F1xx_HAL_Driver/Src/stm32f1xx_hal_tim.o
 .debug_macro   0x00018050      0x1a3 ./Drivers/STM32F1xx_HAL_Driver/Src/stm32f1xx_hal_tim_ex.o

.debug_line     0x00000000    0x10820
 .debug_line    0x00000000      0x704 ./Core/Src/EOS.o
 .debug_line    0x00000704      0xc5b ./Core/Src/LED74HC595.o
 .debug_line    0x0000135f      0x7fd ./Core/Src/ds3231.o
 .debug_line    0x00001b5c      0x71e ./Core/Src/ky040.o
 .debug_line    0x0000227a      0xa3b ./Core/Src/main.o
 .debug_line    0x00002cb5      0xf6b ./Core/Src/realtime_clock.o
 .debug_line    0x00003c20      0x795 ./Core/Src/stm32f1xx_hal_msp.o
 .debug_line    0x000043b5      0x7ae ./Core/Src/stm32f1xx_it.o
 .debug_line    0x00004b63      0x782 ./Core/Src/system_stm32f1xx.o
 .debug_line    0x000052e5       0x78 ./Core/Startup/startup_stm32f103c8tx.o
 .debug_line    0x0000535d      0x9af ./Drivers/STM32F1xx_HAL_Driver/Src/stm32f1xx_hal.o
 .debug_line    0x00005d0c      0xa48 ./Drivers/STM32F1xx_HAL_Driver/Src/stm32f1xx_hal_gpio.o
 .debug_line    0x00006754     0x3c1c ./Drivers/STM32F1xx_HAL_Driver/Src/stm32f1xx_hal_i2c.o
 .debug_line    0x0000a370      0x931 ./Drivers/STM32F1xx_HAL_Driver/Src/stm32f1xx_hal_pwr.o
 .debug_line    0x0000aca1      0xdb8 ./Drivers/STM32F1xx_HAL_Driver/Src/stm32f1xx_hal_rcc.o
 .debug_line    0x0000ba59     0x34b9 ./Drivers/STM32F1xx_HAL_Driver/Src/stm32f1xx_hal_tim.o
 .debug_line    0x0000ef12     0x190e ./Drivers/STM32F1xx_HAL_Driver/Src/stm32f1xx_hal_tim_ex.o

.debug_str      0x00000000    0x8af67
 .debug_str     0x00000000    0x82f5a ./Core/Src/EOS.o
                              0x8328e (size before relaxing)
 .debug_str     0x00082f5a     0x3bc5 ./Core/Src/LED74HC595.o
                              0x86e49 (size before relaxing)
 .debug_str     0x00086b1f      0x50b ./Core/Src/ds3231.o
                              0x83801 (size before relaxing)
 .debug_str     0x0008702a      0x2bf ./Core/Src/ky040.o
                              0x837a0 (size before relaxing)
 .debug_str     0x000872e9      0x9a6 ./Core/Src/main.o
                              0x87dfc (size before relaxing)
 .debug_str     0x00087c8f      0x268 ./Core/Src/realtime_clock.o
                              0x86f06 (size before relaxing)
 .debug_str     0x00087ef7       0xd0 ./Core/Src/stm32f1xx_hal_msp.o
                              0x83b01 (size before relaxing)
 .debug_str     0x00087fc7       0xad ./Core/Src/stm32f1xx_it.o
                              0x832da (size before relaxing)
 .debug_str     0x00088074       0x7e ./Core/Src/system_stm32f1xx.o
                              0x8330c (size before relaxing)
 .debug_str     0x000880f2       0x44 ./Core/Startup/startup_stm32f103c8tx.o
                                 0x6c (size before relaxing)
 .debug_str     0x00088136      0x602 ./Drivers/STM32F1xx_HAL_Driver/Src/stm32f1xx_hal.o
                              0x83a3f (size before relaxing)
 .debug_str     0x00088738      0x2d0 ./Drivers/STM32F1xx_HAL_Driver/Src/stm32f1xx_hal_gpio.o
                              0x83692 (size before relaxing)
 .debug_str     0x00088a08      0xbb8 ./Drivers/STM32F1xx_HAL_Driver/Src/stm32f1xx_hal_i2c.o
                              0x843d3 (size before relaxing)
 .debug_str     0x000895c0      0x54b ./Drivers/STM32F1xx_HAL_Driver/Src/stm32f1xx_hal_pwr.o
                              0x83843 (size before relaxing)
 .debug_str     0x00089b0b      0x1fd ./Drivers/STM32F1xx_HAL_Driver/Src/stm32f1xx_hal_rcc.o
                              0x8373b (size before relaxing)
 .debug_str     0x00089d08      0xdcc ./Drivers/STM32F1xx_HAL_Driver/Src/stm32f1xx_hal_tim.o
                              0x8472d (size before relaxing)
 .debug_str     0x0008aad4      0x493 ./Drivers/STM32F1xx_HAL_Driver/Src/stm32f1xx_hal_tim_ex.o
                              0x83f49 (size before relaxing)

.comment        0x00000000       0x43
 .comment       0x00000000       0x43 ./Core/Src/EOS.o
                                 0x44 (size before relaxing)
 .comment       0x00000043       0x44 ./Core/Src/LED74HC595.o
 .comment       0x00000043       0x44 ./Core/Src/ds3231.o
 .comment       0x00000043       0x44 ./Core/Src/ky040.o
 .comment       0x00000043       0x44 ./Core/Src/main.o
 .comment       0x00000043       0x44 ./Core/Src/realtime_clock.o
 .comment       0x00000043       0x44 ./Core/Src/stm32f1xx_hal_msp.o
 .comment       0x00000043       0x44 ./Core/Src/stm32f1xx_it.o
 .comment       0x00000043       0x44 ./Core/Src/system_stm32f1xx.o
 .comment       0x00000043       0x44 ./Drivers/STM32F1xx_HAL_Driver/Src/stm32f1xx_hal.o
 .comment       0x00000043       0x44 ./Drivers/STM32F1xx_HAL_Driver/Src/stm32f1xx_hal_gpio.o
 .comment       0x00000043       0x44 ./Drivers/STM32F1xx_HAL_Driver/Src/stm32f1xx_hal_i2c.o
 .comment       0x00000043       0x44 ./Drivers/STM32F1xx_HAL_Driver/Src/stm32f1xx_hal_pwr.o
 .comment       0x00000043       0x44 ./Drivers/STM32F1xx_HAL_Driver/Src/stm32f1xx_hal_rcc.o
 .comment       0x00000043       0x44 ./Drivers/STM32F1xx_HAL_Driver/Src/stm32f1xx_hal_tim.o
 .comment       0x00000043       0x44 ./Drivers/STM32F1xx_HAL_Driver/Src/stm32f1xx_hal_tim_ex.o

.debug_frame    0x00000000     0x3608
 .debug_frame   0x00000000       0x38 ./Core/Src/EOS.o
 .debug_frame   0x00000038      0x1b8 ./Core/Src/LED74HC595.o
 .debug_frame   0x000001f0       0xfc ./Core/Src/ds3231.o
 .debug_frame   0x000002ec       0x5c ./Core/Src/ky040.o
 .debug_frame   0x00000348       0xe8 ./Core/Src/main.o
 .debug_frame   0x00000430       0x88 ./Core/Src/realtime_clock.o
 .debug_frame   0x000004b8       0xc8 ./Core/Src/stm32f1xx_hal_msp.o
 .debug_frame   0x00000580       0xe8 ./Core/Src/stm32f1xx_it.o
 .debug_frame   0x00000668       0x58 ./Core/Src/system_stm32f1xx.o
 .debug_frame   0x000006c0      0x334 ./Drivers/STM32F1xx_HAL_Driver/Src/stm32f1xx_hal.o
 .debug_frame   0x000009f4      0x14c ./Drivers/STM32F1xx_HAL_Driver/Src/stm32f1xx_hal_gpio.o
 .debug_frame   0x00000b40      0xc84 ./Drivers/STM32F1xx_HAL_Driver/Src/stm32f1xx_hal_i2c.o
 .debug_frame   0x000017c4      0x270 ./Drivers/STM32F1xx_HAL_Driver/Src/stm32f1xx_hal_pwr.o
 .debug_frame   0x00001a34      0x218 ./Drivers/STM32F1xx_HAL_Driver/Src/stm32f1xx_hal_rcc.o
 .debug_frame   0x00001c4c     0x11bc ./Drivers/STM32F1xx_HAL_Driver/Src/stm32f1xx_hal_tim.o
 .debug_frame   0x00002e08      0x638 ./Drivers/STM32F1xx_HAL_Driver/Src/stm32f1xx_hal_tim_ex.o
 .debug_frame   0x00003440       0x20 C:/ST/STM32CubeIDE_1.14.1/STM32CubeIDE/plugins/com.st.stm32cube.ide.mcu.externaltools.gnu-tools-for-stm32.12.3.rel1.win32_1.0.100.202403111256/tools/bin/../lib/gcc/arm-none-eabi/12.3.1/../../../../arm-none-eabi/lib/thumb/v7-m/nofp\libc_nano.a(libc_a-memset.o)
 .debug_frame   0x00003460       0x2c C:/ST/STM32CubeIDE_1.14.1/STM32CubeIDE/plugins/com.st.stm32cube.ide.mcu.externaltools.gnu-tools-for-stm32.12.3.rel1.win32_1.0.100.202403111256/tools/bin/../lib/gcc/arm-none-eabi/12.3.1/../../../../arm-none-eabi/lib/thumb/v7-m/nofp\libc_nano.a(libc_a-init.o)
 .debug_frame   0x0000348c       0xac C:/ST/STM32CubeIDE_1.14.1/STM32CubeIDE/plugins/com.st.stm32cube.ide.mcu.externaltools.gnu-tools-for-stm32.12.3.rel1.win32_1.0.100.202403111256/tools/bin/../lib/gcc/arm-none-eabi/12.3.1/thumb/v7-m/nofp\libgcc.a(_arm_addsubdf3.o)
 .debug_frame   0x00003538       0x50 C:/ST/STM32CubeIDE_1.14.1/STM32CubeIDE/plugins/com.st.stm32cube.ide.mcu.externaltools.gnu-tools-for-stm32.12.3.rel1.win32_1.0.100.202403111256/tools/bin/../lib/gcc/arm-none-eabi/12.3.1/thumb/v7-m/nofp\libgcc.a(_arm_muldivdf3.o)
 .debug_frame   0x00003588       0x24 C:/ST/STM32CubeIDE_1.14.1/STM32CubeIDE/plugins/com.st.stm32cube.ide.mcu.externaltools.gnu-tools-for-stm32.12.3.rel1.win32_1.0.100.202403111256/tools/bin/../lib/gcc/arm-none-eabi/12.3.1/thumb/v7-m/nofp\libgcc.a(_arm_truncdfsf2.o)
 .debug_frame   0x000035ac       0x38 C:/ST/STM32CubeIDE_1.14.1/STM32CubeIDE/plugins/com.st.stm32cube.ide.mcu.externaltools.gnu-tools-for-stm32.12.3.rel1.win32_1.0.100.202403111256/tools/bin/../lib/gcc/arm-none-eabi/12.3.1/thumb/v7-m/nofp\libgcc.a(_arm_muldivsf3.o)
 .debug_frame   0x000035e4       0x24 C:/ST/STM32CubeIDE_1.14.1/STM32CubeIDE/plugins/com.st.stm32cube.ide.mcu.externaltools.gnu-tools-for-stm32.12.3.rel1.win32_1.0.100.202403111256/tools/bin/../lib/gcc/arm-none-eabi/12.3.1/thumb/v7-m/nofp\libgcc.a(_arm_fixsfsi.o)

.debug_line_str
                0x00000000       0x50
 .debug_line_str
                0x00000000       0x50 ./Core/Startup/startup_stm32f103c8tx.o
